[
  {
    "_id": "This",
    "name": "one"
  },
  {
    "_id": "source",
    "name": "two"
  },
  {
    "_id": "gets",
    "name": "three"
  },
  {
    "_id": "overwritten",
    "name": "four"
  }
]